=== Lists ===
len: 3
[0]: 100
[1]: 200
[2]: 300
after set [1]: 999
popped: 300, len: 2
removed [0]: 100, len: 1
list freed ok
=== List Literals ===
fruits len: 3
  apple
  banana
  cherry
empty len: 0
sum: 150
=== Maps (string keys) ===
map size: 2
get one: 100
contains two: 1
contains nope: 0
after delete, size: 1
=== Maps (integer keys) ===
int key 1: 100
int key 42: 999
int key 0: 50
contains 42: 1
contains 99: 0
int map size: 3
after delete 1, size: 2
=== Map String Values ===
name: ErnosPlain
version: 1.0
ALL DATA TESTS PASSED
